[
    {
        "id": 268,
        "displayName": "Wooden Sword",
        "gameName": "wooden_sword",
        "stackSize": 1
    },
    {
        "id": 269,
        "displayName": "Wooden Shovel",
        "gameName": "wooden_shovel",
        "stackSize": 1
    },
    {
        "id": 270,
        "displayName": "Wooden Pickaxe",
        "gameName": "wooden_pickaxe",
        "stackSize": 1
    },
    {
        "id": 290,
        "displayName": "Wooden Hoe",
        "gameName": "wooden_hoe",
        "stackSize": 1
    },
    {
        "id": 271,
        "displayName": "Wooden Axe",
        "gameName": "wooden_axe",
        "stackSize": 1
    },
    {
        "id": 2265,
        "displayName": "Ward Disc",
        "gameName": "record_ward",
        "stackSize": 1
    },
    {
        "id": 2267,
        "displayName": "Wait Disc",
        "gameName": "record_wait",
        "stackSize": 1
    },
    {
        "id": 2264,
        "displayName": "Strad Disc",
        "gameName": "record_strad",
        "stackSize": 1
    },
    {
        "id": 272,
        "displayName": "Stone Sword",
        "gameName": "stone_sword",
        "stackSize": 1
    },
    {
        "id": 273,
        "displayName": "Stone Shovel",
        "gameName": "stone_shovel",
        "stackSize": 1
    },
    {
        "id": 274,
        "displayName": "Stone Pickaxe",
        "gameName": "stone_pickaxe",
        "stackSize": 1
    },
    {
        "id": 291,
        "displayName": "Stone Hoe",
        "gameName": "stone_hoe",
        "stackSize": 1
    },
    {
        "id": 275,
        "displayName": "Stone Axe",
        "gameName": "stone_axe",
        "stackSize": 1
    },
    {
        "id": 2263,
        "displayName": "Stal Disc",
        "gameName": "record_stal",
        "stackSize": 1
    },
    {
        "id": 359,
        "displayName": "Shears",
        "gameName": "shears",
        "stackSize": 1
    },
    {
        "id": 329,
        "displayName": "Saddle",
        "gameName": "saddle",
        "stackSize": 1
    },
    {
        "id": 413,
        "displayName": "Rabbit Stew",
        "gameName": "rabbit_stew",
        "stackSize": 1
    },
    {
        "id": 373,
        "displayName": "Potion",
        "gameName": "potion",
        "stackSize": 1
    },
    {
        "id": 282,
        "displayName": "Mushroom Stew",
        "gameName": "mushroom_stew",
        "stackSize": 1
    },
    {
        "id": 407,
        "displayName": "Minecart with TNT",
        "gameName": "tnt_minecart",
        "stackSize": 1
    },
    {
        "id": 408,
        "displayName": "Minecart with Hopper",
        "gameName": "hopper_minecart",
        "stackSize": 1
    },
    {
        "id": 343,
        "displayName": "Minecart with Furnace",
        "gameName": "furnace_minecart",
        "stackSize": 1
    },
    {
        "id": 422,
        "displayName": "Minecart with Command Block",
        "gameName": "command_block_minecart",
        "stackSize": 1
    },
    {
        "id": 342,
        "displayName": "Minecart with Chest",
        "gameName": "chest_minecart",
        "stackSize": 1
    },
    {
        "id": 328,
        "displayName": "Minecart",
        "gameName": "minecart",
        "stackSize": 1
    },
    {
        "id": 335,
        "displayName": "Milk",
        "gameName": "milk_bucket",
        "stackSize": 1
    },
    {
        "id": 2262,
        "displayName": "Mellohi Disc",
        "gameName": "record_mellohi",
        "stackSize": 1
    },
    {
        "id": 2261,
        "displayName": "Mall Disc",
        "gameName": "record_mall",
        "stackSize": 1
    },
    {
        "id": 299,
        "displayName": "Leather Tunic",
        "gameName": "leather_chestplate",
        "stackSize": 1
    },
    {
        "id": 300,
        "displayName": "Leather Pants",
        "gameName": "leather_leggings",
        "stackSize": 1
    },
    {
        "id": 298,
        "displayName": "Leather Cap",
        "gameName": "leather_helmet",
        "stackSize": 1
    },
    {
        "id": 301,
        "displayName": "Leather Boots",
        "gameName": "leather_boots",
        "stackSize": 1
    },
    {
        "id": 267,
        "displayName": "Iron Sword",
        "gameName": "iron_sword",
        "stackSize": 1
    },
    {
        "id": 256,
        "displayName": "Iron Shovel",
        "gameName": "iron_shovel",
        "stackSize": 1
    },
    {
        "id": 257,
        "displayName": "Iron Pickaxe",
        "gameName": "iron_pickaxe",
        "stackSize": 1
    },
    {
        "id": 308,
        "displayName": "Iron Leggings",
        "gameName": "iron_leggings",
        "stackSize": 1
    },
    {
        "id": 417,
        "displayName": "Iron Horse Armor",
        "gameName": "iron_horse_armor",
        "stackSize": 1
    },
    {
        "id": 292,
        "displayName": "Iron Hoe",
        "gameName": "iron_hoe",
        "stackSize": 1
    },
    {
        "id": 306,
        "displayName": "Iron Helmet",
        "gameName": "iron_helmet",
        "stackSize": 1
    },
    {
        "id": 307,
        "displayName": "Iron Chestplate",
        "gameName": "iron_chestplate",
        "stackSize": 1
    },
    {
        "id": 309,
        "displayName": "Iron Boots",
        "gameName": "iron_boots",
        "stackSize": 1
    },
    {
        "id": 258,
        "displayName": "Iron Axe",
        "gameName": "iron_axe",
        "stackSize": 1
    },
    {
        "id": 283,
        "displayName": "Golden Sword",
        "gameName": "golden_sword",
        "stackSize": 1
    },
    {
        "id": 284,
        "displayName": "Golden Shovel",
        "gameName": "golden_shovel",
        "stackSize": 1
    },
    {
        "id": 285,
        "displayName": "Golden Pickaxe",
        "gameName": "golden_pickaxe",
        "stackSize": 1
    },
    {
        "id": 316,
        "displayName": "Golden Leggings",
        "gameName": "golden_leggings",
        "stackSize": 1
    },
    {
        "id": 418,
        "displayName": "Golden Horse Armor",
        "gameName": "golden_horse_armor",
        "stackSize": 1
    },
    {
        "id": 294,
        "displayName": "Golden Hoe",
        "gameName": "golden_hoe",
        "stackSize": 1
    },
    {
        "id": 314,
        "displayName": "Golden Helmet",
        "gameName": "golden_helmet",
        "stackSize": 1
    },
    {
        "id": 315,
        "displayName": "Golden Chestplate",
        "gameName": "golden_chestplate",
        "stackSize": 1
    },
    {
        "id": 317,
        "displayName": "Golden Boots",
        "gameName": "golden_boots",
        "stackSize": 1
    },
    {
        "id": 286,
        "displayName": "Golden Axe",
        "gameName": "golden_axe",
        "stackSize": 1
    },
    {
        "id": 259,
        "displayName": "Flint and Steel",
        "gameName": "flint_and_steel",
        "stackSize": 1
    },
    {
        "id": 346,
        "displayName": "Fishing Rod",
        "gameName": "fishing_rod",
        "stackSize": 1
    },
    {
        "id": 2260,
        "displayName": "Far Disc",
        "gameName": "record_far",
        "stackSize": 1
    },
    {
        "id": 403,
        "displayName": "Enchanted Book",
        "gameName": "enchanted_book",
        "stackSize": 1
    },
    {
        "id": 276,
        "displayName": "Diamond Sword",
        "gameName": "diamond_sword",
        "stackSize": 1
    },
    {
        "id": 277,
        "displayName": "Diamond Shovel",
        "gameName": "diamond_shovel",
        "stackSize": 1
    },
    {
        "id": 278,
        "displayName": "Diamond Pickaxe",
        "gameName": "diamond_pickaxe",
        "stackSize": 1
    },
    {
        "id": 312,
        "displayName": "Diamond Leggings",
        "gameName": "diamond_leggings",
        "stackSize": 1
    },
    {
        "id": 419,
        "displayName": "Diamond Horse Armor",
        "gameName": "diamond_horse_armor",
        "stackSize": 1
    },
    {
        "id": 293,
        "displayName": "Diamond Hoe",
        "gameName": "diamond_hoe",
        "stackSize": 1
    },
    {
        "id": 310,
        "displayName": "Diamond Helmet",
        "gameName": "diamond_helmet",
        "stackSize": 1
    },
    {
        "id": 311,
        "displayName": "Diamond Chestplate",
        "gameName": "diamond_chestplate",
        "stackSize": 1
    },
    {
        "id": 313,
        "displayName": "Diamond Boots",
        "gameName": "diamond_boots",
        "stackSize": 1
    },
    {
        "id": 279,
        "displayName": "Diamond Axe",
        "gameName": "diamond_axe",
        "stackSize": 1
    },
    {
        "id": 2259,
        "displayName": "Chirp Disc",
        "gameName": "record_chirp",
        "stackSize": 1
    },
    {
        "id": 304,
        "displayName": "Chain Leggings",
        "gameName": "chainmail_leggings",
        "stackSize": 1
    },
    {
        "id": 302,
        "displayName": "Chain Helmet",
        "gameName": "chainmail_helmet",
        "stackSize": 1
    },
    {
        "id": 303,
        "displayName": "Chain Chestplate",
        "gameName": "chainmail_chestplate",
        "stackSize": 1
    },
    {
        "id": 305,
        "displayName": "Chain Boots",
        "gameName": "chainmail_boots",
        "stackSize": 1
    },
    {
        "id": 2257,
        "displayName": "Cat Disc",
        "gameName": "record_cat",
        "stackSize": 1
    },
    {
        "id": 398,
        "displayName": "Carrot on a Stick",
        "gameName": "carrot_on_a_stick",
        "stackSize": 1
    },
    {
        "id": 354,
        "displayName": "Cake",
        "gameName": "cake",
        "stackSize": 1
    },
    {
        "id": 261,
        "displayName": "Bow",
        "gameName": "bow",
        "stackSize": 1
    },
    {
        "id": 386,
        "displayName": "Book and Quill",
        "gameName": "writable_book",
        "stackSize": 1
    },
    {
        "id": 333,
        "displayName": "Boat",
        "gameName": "boat",
        "stackSize": 1
    },
    {
        "id": 2258,
        "displayName": "Blocks Disc",
        "gameName": "record_blocks",
        "stackSize": 1
    },
    {
        "id": 355,
        "displayName": "Bed",
        "gameName": "bed",
        "stackSize": 1
    },
    {
        "id": 2256,
        "displayName": "13 Disc",
        "gameName": "record_13",
        "stackSize": 1
    },
    {
        "id": 2266,
        "displayName": "11 Disc",
        "gameName": "record_11",
        "stackSize": 1
    },
    {
        "id": 387,
        "displayName": "Written Book",
        "gameName": "written_book",
        "stackSize": 16
    },
    {
        "id": 332,
        "displayName": "Snowball",
        "gameName": "snowball",
        "stackSize": 16
    },
    {
        "id": 323,
        "displayName": "Sign",
        "gameName": "sign",
        "stackSize": 16
    },
    {
        "id": 368,
        "displayName": "Ender Pearl",
        "gameName": "ender_pearl",
        "stackSize": 16
    },
    {
        "id": 344,
        "displayName": "Egg",
        "gameName": "egg",
        "stackSize": 16
    },
    {
        "id": 325,
        "displayName": "Bucket",
        "gameName": "bucket",
        "stackSize": 16
    },
    {
        "id": 425,
        "displayName": "Banner",
        "gameName": "banner",
        "stackSize": 16
    },
    {
        "id": 416,
        "displayName": "Armor Stand",
        "gameName": "armor_stand",
        "stackSize": 16
    },
    {
        "id": 296,
        "displayName": "Wheat",
        "gameName": "wheat",
        "stackSize": 64
    },
    {
        "id": 326,
        "displayName": "Water Bucket",
        "gameName": "water_bucket",
        "stackSize": 64
    },
    {
        "id": 338,
        "displayName": "Sugar Cane",
        "gameName": "reeds",
        "stackSize": 64
    },
    {
        "id": 353,
        "displayName": "Sugar",
        "gameName": "sugar",
        "stackSize": 64
    },
    {
        "id": 287,
        "displayName": "String",
        "gameName": "string",
        "stackSize": 64
    },
    {
        "id": 280,
        "displayName": "Stick",
        "gameName": "stick",
        "stackSize": 64
    },
    {
        "id": 364,
        "displayName": "Steak",
        "gameName": "cooked_beef",
        "stackSize": 64
    },
    {
        "id": 427,
        "displayName": "Spruce Door",
        "gameName": "spruce_door",
        "stackSize": 64
    },
    {
        "id": 375,
        "displayName": "Spider Eye",
        "gameName": "spider_eye",
        "stackSize": 64
    },
    {
        "id": 383,
        "displayName": "Spawn Egg",
        "gameName": "spawn_egg",
        "stackSize": 64
    },
    {
        "id": 341,
        "displayName": "Slimeball",
        "gameName": "slime_ball",
        "stackSize": 64
    },
    {
        "id": 295,
        "displayName": "Seeds",
        "gameName": "wheat_seeds",
        "stackSize": 64
    },
    {
        "id": 367,
        "displayName": "Rotten Flesh",
        "gameName": "rotten_flesh",
        "stackSize": 64
    },
    {
        "id": 356,
        "displayName": "Redstone Repeater",
        "gameName": "repeater",
        "stackSize": 64
    },
    {
        "id": 404,
        "displayName": "Redstone Comparator",
        "gameName": "comparator",
        "stackSize": 64
    },
    {
        "id": 331,
        "displayName": "Redstone",
        "gameName": "redstone",
        "stackSize": 64
    },
    {
        "id": 411,
        "displayName": "Raw Rabbit",
        "gameName": "rabbit",
        "stackSize": 64
    },
    {
        "id": 319,
        "displayName": "Raw Porkchop",
        "gameName": "porkchop",
        "stackSize": 64
    },
    {
        "id": 423,
        "displayName": "Raw Mutton",
        "gameName": "mutton",
        "stackSize": 64
    },
    {
        "id": 349,
        "displayName": "Raw Fish",
        "gameName": "fish",
        "stackSize": 64
    },
    {
        "id": 365,
        "displayName": "Raw Chicken",
        "gameName": "chicken",
        "stackSize": 64
    },
    {
        "id": 363,
        "displayName": "Raw Beef",
        "gameName": "beef",
        "stackSize": 64
    },
    {
        "id": 414,
        "displayName": "Rabbit's Foot",
        "gameName": "rabbit_foot",
        "stackSize": 64
    },
    {
        "id": 415,
        "displayName": "Rabbit Hide",
        "gameName": "rabbit_hide",
        "stackSize": 64
    },
    {
        "id": 361,
        "displayName": "Pumpkin Seeds",
        "gameName": "pumpkin_seeds",
        "stackSize": 64
    },
    {
        "id": 400,
        "displayName": "Pumpkin Pie",
        "gameName": "pumpkin_pie",
        "stackSize": 64
    },
    {
        "id": 409,
        "displayName": "Prismarine Shard",
        "gameName": "prismarine_shard",
        "stackSize": 64
    },
    {
        "id": 410,
        "displayName": "Prismarine Crystals",
        "gameName": "prismarine_crystals",
        "stackSize": 64
    },
    {
        "id": 392,
        "displayName": "Potato",
        "gameName": "potato",
        "stackSize": 64
    },
    {
        "id": 394,
        "displayName": "Poisonous Potato",
        "gameName": "poisonous_potato",
        "stackSize": 64
    },
    {
        "id": 339,
        "displayName": "Paper",
        "gameName": "paper",
        "stackSize": 64
    },
    {
        "id": 321,
        "displayName": "Painting",
        "gameName": "painting",
        "stackSize": 64
    },
    {
        "id": 324,
        "displayName": "Oak Door",
        "gameName": "wooden_door",
        "stackSize": 64
    },
    {
        "id": 372,
        "displayName": "Nether Wart",
        "gameName": "nether_wart",
        "stackSize": 64
    },
    {
        "id": 399,
        "displayName": "Nether Star",
        "gameName": "nether_star",
        "stackSize": 64
    },
    {
        "id": 406,
        "displayName": "Nether Quartz",
        "gameName": "quartz",
        "stackSize": 64
    },
    {
        "id": 405,
        "displayName": "Nether Brick",
        "gameName": "netherbrick",
        "stackSize": 64
    },
    {
        "id": 421,
        "displayName": "Name Tag",
        "gameName": "name_tag",
        "stackSize": 64
    },
    {
        "id": 397,
        "displayName": "Mob head",
        "gameName": "skull",
        "stackSize": 64
    },
    {
        "id": 362,
        "displayName": "Melon Seeds",
        "gameName": "melon_seeds",
        "stackSize": 64
    },
    {
        "id": 360,
        "displayName": "Melon",
        "gameName": "melon",
        "stackSize": 64
    },
    {
        "id": 358,
        "displayName": "Map",
        "gameName": "filled_map",
        "stackSize": 64
    },
    {
        "id": 378,
        "displayName": "Magma Cream",
        "gameName": "magma_cream",
        "stackSize": 64
    },
    {
        "id": 334,
        "displayName": "Leather",
        "gameName": "leather",
        "stackSize": 64
    },
    {
        "id": 420,
        "displayName": "Lead",
        "gameName": "lead",
        "stackSize": 64
    },
    {
        "id": 327,
        "displayName": "Lava Bucket",
        "gameName": "lava_bucket",
        "stackSize": 64
    },
    {
        "id": 429,
        "displayName": "Jungle Door",
        "gameName": "jungle_door",
        "stackSize": 64
    },
    {
        "id": 389,
        "displayName": "Item Frame",
        "gameName": "item_frame",
        "stackSize": 64
    },
    {
        "id": 265,
        "displayName": "Iron Ingot",
        "gameName": "iron_ingot",
        "stackSize": 64
    },
    {
        "id": 330,
        "displayName": "Iron Door",
        "gameName": "iron_door",
        "stackSize": 64
    },
    {
        "id": 289,
        "displayName": "Gunpowder",
        "gameName": "gunpowder",
        "stackSize": 64
    },
    {
        "id": 396,
        "displayName": "Golden Carrot",
        "gameName": "golden_carrot",
        "stackSize": 64
    },
    {
        "id": 322,
        "displayName": "Golden Apple",
        "gameName": "golden_apple",
        "stackSize": 64
    },
    {
        "id": 371,
        "displayName": "Gold Nugget",
        "gameName": "gold_nugget",
        "stackSize": 64
    },
    {
        "id": 266,
        "displayName": "Gold Ingot",
        "gameName": "gold_ingot",
        "stackSize": 64
    },
    {
        "id": 348,
        "displayName": "Glowstone Dust",
        "gameName": "glowstone_dust",
        "stackSize": 64
    },
    {
        "id": 382,
        "displayName": "Glistering Melon",
        "gameName": "speckled_melon",
        "stackSize": 64
    },
    {
        "id": 374,
        "displayName": "Glass Bottle",
        "gameName": "glass_bottle",
        "stackSize": 64
    },
    {
        "id": 370,
        "displayName": "Ghast Tear",
        "gameName": "ghast_tear",
        "stackSize": 64
    },
    {
        "id": 390,
        "displayName": "Flower Pot",
        "gameName": "flower_pot",
        "stackSize": 64
    },
    {
        "id": 318,
        "displayName": "Flint",
        "gameName": "flint",
        "stackSize": 64
    },
    {
        "id": 402,
        "displayName": "Firework Star",
        "gameName": "firework_charge",
        "stackSize": 64
    },
    {
        "id": 401,
        "displayName": "Firework Rocket",
        "gameName": "fireworks",
        "stackSize": 64
    },
    {
        "id": 385,
        "displayName": "Fire Charge",
        "gameName": "fire_charge",
        "stackSize": 64
    },
    {
        "id": 376,
        "displayName": "Fermented Spider Eye",
        "gameName": "fermented_spider_eye",
        "stackSize": 64
    },
    {
        "id": 288,
        "displayName": "Feather",
        "gameName": "feather",
        "stackSize": 64
    },
    {
        "id": 381,
        "displayName": "Eye of Ender",
        "gameName": "ender_eye",
        "stackSize": 64
    },
    {
        "id": 395,
        "displayName": "Empty Map",
        "gameName": "map",
        "stackSize": 64
    },
    {
        "id": 388,
        "displayName": "Emerald",
        "gameName": "emerald",
        "stackSize": 64
    },
    {
        "id": 351,
        "displayName": "Dye",
        "gameName": "dye",
        "stackSize": 64
    },
    {
        "id": 264,
        "displayName": "Diamond",
        "gameName": "diamond",
        "stackSize": 64
    },
    {
        "id": 431,
        "displayName": "Dark Oak Door",
        "gameName": "dark_oak_door",
        "stackSize": 64
    },
    {
        "id": 357,
        "displayName": "Cookie",
        "gameName": "cookie",
        "stackSize": 64
    },
    {
        "id": 412,
        "displayName": "Cooked Rabbit",
        "gameName": "cooked_rabbit",
        "stackSize": 64
    },
    {
        "id": 320,
        "displayName": "Cooked Porkchop",
        "gameName": "cooked_porkchop",
        "stackSize": 64
    },
    {
        "id": 424,
        "displayName": "Cooked Mutton",
        "gameName": "cooked_mutton",
        "stackSize": 64
    },
    {
        "id": 350,
        "displayName": "Cooked Fish",
        "gameName": "cooked_fish",
        "stackSize": 64
    },
    {
        "id": 366,
        "displayName": "Cooked Chicken",
        "gameName": "cooked_chicken",
        "stackSize": 64
    },
    {
        "id": 345,
        "displayName": "Compass",
        "gameName": "compass",
        "stackSize": 64
    },
    {
        "id": 263,
        "displayName": "Coal",
        "gameName": "coal",
        "stackSize": 64
    },
    {
        "id": 347,
        "displayName": "Clock",
        "gameName": "clock",
        "stackSize": 64
    },
    {
        "id": 337,
        "displayName": "Clay",
        "gameName": "clay_ball",
        "stackSize": 64
    },
    {
        "id": 380,
        "displayName": "Cauldron",
        "gameName": "cauldron",
        "stackSize": 64
    },
    {
        "id": 391,
        "displayName": "Carrot",
        "gameName": "carrot",
        "stackSize": 64
    },
    {
        "id": 336,
        "displayName": "Brick",
        "gameName": "brick",
        "stackSize": 64
    },
    {
        "id": 379,
        "displayName": "Brewing Stand",
        "gameName": "brewing_stand",
        "stackSize": 64
    },
    {
        "id": 297,
        "displayName": "Bread",
        "gameName": "bread",
        "stackSize": 64
    },
    {
        "id": 281,
        "displayName": "Bowl",
        "gameName": "bowl",
        "stackSize": 64
    },
    {
        "id": 384,
        "displayName": "Bottle o' Enchanting",
        "gameName": "experience_bottle",
        "stackSize": 64
    },
    {
        "id": 340,
        "displayName": "Book",
        "gameName": "book",
        "stackSize": 64
    },
    {
        "id": 352,
        "displayName": "Bone",
        "gameName": "bone",
        "stackSize": 64
    },
    {
        "id": 369,
        "displayName": "Blaze Rod",
        "gameName": "blaze_rod",
        "stackSize": 64
    },
    {
        "id": 377,
        "displayName": "Blaze Powder",
        "gameName": "blaze_powder",
        "stackSize": 64
    },
    {
        "id": 428,
        "displayName": "Birch Door",
        "gameName": "birch_door",
        "stackSize": 64
    },
    {
        "id": 393,
        "displayName": "Baked Potato",
        "gameName": "baked_potato",
        "stackSize": 64
    },
    {
        "id": 262,
        "displayName": "Arrow",
        "gameName": "arrow",
        "stackSize": 64
    },
    {
        "id": 260,
        "displayName": "Apple",
        "gameName": "apple",
        "stackSize": 64
    },
    {
        "id": 430,
        "displayName": "Acacia Door",
        "gameName": "acacia_door",
        "stackSize": 64
    }
]
